// Jest Snapshot v1, https://goo.gl/fbAQLP

exports[`Post should render correctly 1`] = `
<div
  className="post"
>
  <div
    className="user"
  >
    <img
      id="profile-img"
      src=""
    />
    <span
      className="name"
    />
    <span
      className="name small-text"
    />
  </div>
  <a
    className="link"
    href=""
    target="_blank"
  >
    <div
      className="tweet"
    >
      <div
        className="date small-text"
      >
        Dec 31
      </div>
      <div />
    </div>
  </a>
</div>
`;
